// Jest Snapshot v1, https://goo.gl/fbAQLP

exports[`Test with DeleteEventFAB component should match with the snapshot 1`] = `
<button
  className="btn btn-danger fab-danger"
  onClick={[Function]}
>
  <i
    className="fas fa-trash"
  />
  <span>
     Eliminar 
  </span>
</button>
`;
