// Jest Snapshot v1, https://goo.gl/fbAQLP

exports[`Test with LoginScreen component should match with the snapshot 1`] = `
<div
  className="container login-container"
>
  <div
    className="row"
  >
    <div
      className="col-md-6 login-form-1"
    >
      <h3>
        Ingreso
      </h3>
      <form
        onSubmit={[Function]}
      >
        <div
          className="form-group"
        >
          <input
            autoComplete="off"
            className="form-control"
            name="loginEmail"
            onChange={[Function]}
            placeholder="Correo"
            type="text"
            value=""
          />
        </div>
        <div
          className="form-group"
        >
          <input
            className="form-control"
            name="loginPassword"
            onChange={[Function]}
            placeholder="Contraseña"
            type="password"
            value=""
          />
        </div>
        <div
          className="form-group"
        >
          <input
            className="btnSubmit"
            type="submit"
            value="Login"
          />
        </div>
      </form>
    </div>
    <div
      className="col-md-6 login-form-2"
    >
      <h3>
        Registro
      </h3>
      <form
        onSubmit={[Function]}
      >
        <div
          className="form-group"
        >
          <input
            className="form-control"
            name="registerName"
            onChange={[Function]}
            placeholder="Nombre"
            type="text"
            value="David Geovanny"
          />
        </div>
        <div
          className="form-group"
        >
          <input
            className="form-control"
            name="registerEmail"
            onChange={[Function]}
            placeholder="Correo"
            type="email"
            value="david.geovanny@hotmail.com"
          />
        </div>
        <div
          className="form-group"
        >
          <input
            className="form-control"
            name="registerPassword"
            onChange={[Function]}
            placeholder="Contraseña"
            type="password"
            value=""
          />
        </div>
        <div
          className="form-group"
        >
          <input
            className="form-control"
            name="registerPasswordRepeat"
            onChange={[Function]}
            placeholder="Repita la contraseña"
            type="password"
            value=""
          />
        </div>
        <div
          className="form-group"
        >
          <input
            className="btnSubmit"
            type="submit"
            value="Crear cuenta"
          />
        </div>
      </form>
    </div>
  </div>
</div>
`;
